Archive member included because of file (symbol)

/usr/lib/gcc/armv7a-hardfloat-linux-gnueabi/4.8.3/libgcc.a(_udivsi3.o)
                              arch/arm/cpu/armv7/omap-common/libomap-common.o (__aeabi_uidiv)
/usr/lib/gcc/armv7a-hardfloat-linux-gnueabi/4.8.3/libgcc.a(_divsi3.o)
                              common/libcommon.o (__aeabi_idiv)
/usr/lib/gcc/armv7a-hardfloat-linux-gnueabi/4.8.3/libgcc.a(_lshrdi3.o)
                              common/libcommon.o (__aeabi_llsr)
/usr/lib/gcc/armv7a-hardfloat-linux-gnueabi/4.8.3/libgcc.a(_ashrdi3.o)
                              drivers/mtd/nand/libnand.o (__aeabi_lasr)
/usr/lib/gcc/armv7a-hardfloat-linux-gnueabi/4.8.3/libgcc.a(_ashldi3.o)
                              drivers/mmc/libmmc.o (__aeabi_llsl)
/usr/lib/gcc/armv7a-hardfloat-linux-gnueabi/4.8.3/libgcc.a(_dvmd_lnx.o)
                              /usr/lib/gcc/armv7a-hardfloat-linux-gnueabi/4.8.3/libgcc.a(_udivsi3.o) (__aeabi_idiv0)

Discarded input sections

 .data          0x00000000        0x0 arch/arm/cpu/armv7/start.o
 .bss           0x00000000        0x0 arch/arm/cpu/armv7/start.o
 .text          0x00000000        0x0 board/ti/var-som-am33/libvar-som-am33.o
 .data          0x00000000        0x0 board/ti/var-som-am33/libvar-som-am33.o
 .bss           0x00000000        0x0 board/ti/var-som-am33/libvar-som-am33.o
 .text          0x00000000        0x0 arch/arm/cpu/armv7/am33xx/libam33xx.o
 .text.do_setup_dpll
                0x00000000      0x138 arch/arm/cpu/armv7/am33xx/libam33xx.o
 .text.do_enable_clocks
                0x00000000       0xa4 arch/arm/cpu/armv7/am33xx/libam33xx.o
 .text.prcm_init
                0x00000000       0x70 arch/arm/cpu/armv7/am33xx/libam33xx.o
 .text.get_cpu_rev
                0x00000000       0x14 arch/arm/cpu/armv7/am33xx/libam33xx.o
 .text.get_cpu_type
                0x00000000       0x14 arch/arm/cpu/armv7/am33xx/libam33xx.o
 .text.get_board_rev
                0x00000000        0x8 arch/arm/cpu/armv7/am33xx/libam33xx.o
 .text.get_device_type
                0x00000000       0x18 arch/arm/cpu/armv7/am33xx/libam33xx.o
 .text.get_sysboot_value
                0x00000000       0x18 arch/arm/cpu/armv7/am33xx/libam33xx.o
 .text.am335x_get_efuse_mpu_max_freq
                0x00000000       0x9c arch/arm/cpu/armv7/am33xx/libam33xx.o
 .text.am335x_get_tps65910_mpu_vdd
                0x00000000       0x44 arch/arm/cpu/armv7/am33xx/libam33xx.o
 .text.configure_module_pin_mux
                0x00000000       0x28 arch/arm/cpu/armv7/am33xx/libam33xx.o
 .text.config_sdram
                0x00000000       0x90 arch/arm/cpu/armv7/am33xx/libam33xx.o
 .text.set_sdram_timings
                0x00000000       0x40 arch/arm/cpu/armv7/am33xx/libam33xx.o
 .text.config_ddr_phy
                0x00000000       0x20 arch/arm/cpu/armv7/am33xx/libam33xx.o
 .text.config_cmd_ctrl
                0x00000000       0x40 arch/arm/cpu/armv7/am33xx/libam33xx.o
 .text.config_ddr_data
                0x00000000       0x54 arch/arm/cpu/armv7/am33xx/libam33xx.o
 .text.config_io_ctrl
                0x00000000       0x20 arch/arm/cpu/armv7/am33xx/libam33xx.o
 .text.get_dpll_mpu_params
                0x00000000        0xc arch/arm/cpu/armv7/am33xx/libam33xx.o
 .text.get_dpll_core_params
                0x00000000        0xc arch/arm/cpu/armv7/am33xx/libam33xx.o
 .text.get_dpll_per_params
                0x00000000        0xc arch/arm/cpu/armv7/am33xx/libam33xx.o
 .text.setup_clocks_for_console
                0x00000000       0x8c arch/arm/cpu/armv7/am33xx/libam33xx.o
 .text.enable_basic_clocks
                0x00000000       0x60 arch/arm/cpu/armv7/am33xx/libam33xx.o
 .rodata        0x00000000       0x84 arch/arm/cpu/armv7/am33xx/libam33xx.o
 .rodata.str1.1
                0x00000000       0x64 arch/arm/cpu/armv7/am33xx/libam33xx.o
 .rodata.ddr_data_reg
                0x00000000        0x8 arch/arm/cpu/armv7/am33xx/libam33xx.o
 .rodata.ddr_cmd_reg
                0x00000000        0x8 arch/arm/cpu/armv7/am33xx/libam33xx.o
 .rodata.emif_reg
                0x00000000        0x8 arch/arm/cpu/armv7/am33xx/libam33xx.o
 .rodata.dpll_ddr_regs
                0x00000000       0x24 arch/arm/cpu/armv7/am33xx/libam33xx.o
 .rodata.dpll_mpu
                0x00000000       0x10 arch/arm/cpu/armv7/am33xx/libam33xx.o
 .rodata.dpll_per_regs
                0x00000000       0x24 arch/arm/cpu/armv7/am33xx/libam33xx.o
 .rodata.cmdpll
                0x00000000        0x4 arch/arm/cpu/armv7/am33xx/libam33xx.o
 .rodata.cmper  0x00000000        0x4 arch/arm/cpu/armv7/am33xx/libam33xx.o
 .rodata.dpll_core_opp100
                0x00000000       0x10 arch/arm/cpu/armv7/am33xx/libam33xx.o
 .rodata.dpll_core_regs
                0x00000000       0x24 arch/arm/cpu/armv7/am33xx/libam33xx.o
 .rodata.dpll_core
                0x00000000       0x10 arch/arm/cpu/armv7/am33xx/libam33xx.o
 .rodata.dpll_per
                0x00000000       0x10 arch/arm/cpu/armv7/am33xx/libam33xx.o
 .rodata.dpll_mpu_regs
[...]
Memory Configuration

Name             Origin             Length             Attributes
*default*        0x00000000         0xffffffff

Linker script and memory map

                0x00000000                . = 0x0
                0x00000000                . = ALIGN (0x4)

.text           0x80800000    0x3df38
 *(.__image_copy_start)
 .__image_copy_start
                0x80800000        0x0 arch/arm/lib/libarm.o
                0x80800000                __image_copy_start
 arch/arm/cpu/armv7/start.o(.text*)
 .text          0x80800000      0x380 arch/arm/cpu/armv7/start.o
                0x80800000                _start
                0x80800040                _end_vect
                0x80800040                _TEXT_BASE
                0x80800044                _bss_start_ofs
                0x80800048                _bss_end_ofs
                0x8080004c                _end_ofs
                0x80800050                IRQ_STACK_START_IN
                0x8080008c                c_runtime_cpu_setup
                0x808000a8                cpu_init_cp15
 board/ti/var-som-am33/libvar-som-am33.o(.text*)
 .text.cpsw_control
                0x80800380        0x4 board/ti/var-som-am33/libvar-som-am33.o
 .text.board_init
                0x80800384      0x148 board/ti/var-som-am33/libvar-som-am33.o
                0x80800384                board_init
 .text.board_late_init
                0x808004cc        0x8 board/ti/var-som-am33/libvar-som-am33.o
                0x808004cc                board_late_init
 .text.board_phy_config
                0x808004d4      0x114 board/ti/var-som-am33/libvar-som-am33.o
                0x808004d4                board_phy_config
 .text.board_eth_init
                0x808005e8      0x18c board/ti/var-som-am33/libvar-som-am33.o
                0x808005e8                board_eth_init
 *(.text*)
 .text.am33xx_otg1_set_phy_power
                0x80800774       0x28 arch/arm/cpu/armv7/am33xx/libam33xx.o
 .text.am33xx_otg0_set_phy_power
                0x8080079c       0x28 arch/arm/cpu/armv7/am33xx/libam33xx.o
 .text.cpu_mmc_init
                0x808007c4       0x48 arch/arm/cpu/armv7/am33xx/libam33xx.o
                0x808007c4                cpu_mmc_init
 .text.arch_misc_init
                0x8080080c       0x44 arch/arm/cpu/armv7/am33xx/libam33xx.o
                0x8080080c                arch_misc_init
 .text.enable_caches
                0x80800850        0x4 arch/arm/cpu/armv7/am33xx/libam33xx.o
                0x80800850                enable_caches
 .text.dram_init
                0x80800854       0x20 arch/arm/cpu/armv7/am33xx/libam33xx.o
                0x80800854                dram_init
 .text.dram_init_banksize
                0x80800874       0x1c arch/arm/cpu/armv7/am33xx/libam33xx.o
                0x80800874                dram_init_banksize
 .text.rtc32k_enable
                0x80800890       0x2c arch/arm/cpu/armv7/am33xx/libam33xx.o
                0x80800890                rtc32k_enable
 .text.v7_maint_dcache_all
                0x808008bc       0xd4 arch/arm/cpu/armv7/libarmv7.o
 .text.v7_dcache_inval_range
                0x80800990       0x80 arch/arm/cpu/armv7/libarmv7.o
 .text.invalidate_icache_all
                0x80800a10       0x18 arch/arm/cpu/armv7/libarmv7.o
                0x80800a10                invalidate_icache_all
 .text.__v7_outer_cache_enable
                0x80800a28        0x4 arch/arm/cpu/armv7/libarmv7.o
                0x80800a28                __v7_outer_cache_enable
                0x80800a28                v7_outer_cache_enable
 .text.__v7_outer_cache_disable
                0x80800a2c        0x4 arch/arm/cpu/armv7/libarmv7.o
                0x80800a2c                v7_outer_cache_disable
                0x80800a2c                __v7_outer_cache_disable
 .text.__v7_outer_cache_flush_all
                0x80800a30        0x4 arch/arm/cpu/armv7/libarmv7.o
                0x80800a30                __v7_outer_cache_flush_all
                0x80800a30                v7_outer_cache_flush_all
 .text.flush_dcache_all
                0x80800a34       0x14 arch/arm/cpu/armv7/libarmv7.o
                0x80800a34                flush_dcache_all
 .text.__v7_outer_cache_inval_all
                0x80800a48        0x4 arch/arm/cpu/armv7/libarmv7.o
                0x80800a48                v7_outer_cache_inval_all
                0x80800a48                __v7_outer_cache_inval_all
 .text.invalidate_dcache_all
                0x80800a4c       0x14 arch/arm/cpu/armv7/libarmv7.o
                0x80800a4c                invalidate_dcache_all
 .text.arm_init_before_mmu
                0x80800a60       0x28 arch/arm/cpu/armv7/libarmv7.o
                0x80800a60                arm_init_before_mmu
 .text.__v7_outer_cache_flush_range
                0x80800a88        0x4 arch/arm/cpu/armv7/libarmv7.o
                0x80800a88                v7_outer_cache_flush_range
                0x80800a88                __v7_outer_cache_flush_range
 .text.flush_dcache_range
                0x80800a8c       0x3c arch/arm/cpu/armv7/libarmv7.o
                0x80800a8c                flush_dcache_range
 .text.flush_cache
                0x80800ac8        0x8 arch/arm/cpu/armv7/libarmv7.o
                0x80800ac8                flush_cache
 .text.__v7_outer_cache_inval_range
                0x80800ad0        0x4 arch/arm/cpu/armv7/libarmv7.o
                0x80800ad0                __v7_outer_cache_inval_range
                0x80800ad0                v7_outer_cache_inval_range
 .text.invalidate_dcache_range
                0x80800ad4       0x3c arch/arm/cpu/armv7/libarmv7.o
                0x80800ad4                invalidate_dcache_range
 .text.cpu_cache_initialization
                0x80800b10        0x4 arch/arm/cpu/armv7/libarmv7.o
                0x80800b10                cpu_cache_initialization
 .text.cleanup_before_linux
                0x80800b14       0x28 arch/arm/cpu/armv7/libarmv7.o
                0x80800b14                cleanup_before_linux
 .text.sdelay   0x80800b3c        0xc arch/arm/cpu/armv7/libarmv7.o
                0x80800b3c                sdelay
 .text          0x80800b48       0x38 arch/arm/cpu/armv7/omap-common/libomap-common.o
                0x80800b48                save_boot_params
                0x80800b54                set_pl310_ctrl_reg
                0x80800b64                get_l2_aux_ctrl_reg
                0x80800b68                set_l2_aux_ctrl_reg
 .text.reset_cpu
                0x80800b80       0x14 arch/arm/cpu/armv7/omap-common/libomap-common.o
                0x80800b80                reset_cpu
 .text.timer_init
                0x80800b94       0x3c arch/arm/cpu/armv7/omap-common/libomap-common.o
                0x80800b94                timer_init
 .text.__udelay
                0x80800bd0       0x44 arch/arm/cpu/armv7/omap-common/libomap-common.o
                0x80800bd0                __udelay
 .text.get_timer_masked
                0x80800c14       0x3c arch/arm/cpu/armv7/omap-common/libomap-common.o
                0x80800c14                get_timer_masked
 .text.get_timer
                0x80800c50       0x14 arch/arm/cpu/armv7/omap-common/libomap-common.o
                0x80800c50                get_timer
 .text.get_ticks
                0x80800c64       0x10 arch/arm/cpu/armv7/omap-common/libomap-common.o
                0x80800c64                get_ticks
 .text.get_tbclk
                0x80800c74        0x8 arch/arm/cpu/armv7/omap-common/libomap-common.o
                0x80800c74                get_tbclk
 .text.enable_gpmc_cs_config
                0x80800c7c       0x74 arch/arm/cpu/armv7/omap-common/libomap-common.o
                0x80800c7c                enable_gpmc_cs_config
 .text.gpmc_init
                0x80800cf0       0x90 arch/arm/cpu/armv7/omap-common/libomap-common.o
                0x80800cf0                gpmc_init
 .text          0x80800d80       0xe8 arch/arm/lib/libarm.o
                0x80800d80                _main
                0x80800e04                relocate_code
 .text.__arch_cpu_init
                0x80800e68        0x8 arch/arm/lib/libarm.o
                0x80800e68                arch_cpu_init
                0x80800e68                __arch_cpu_init
 .text.init_func_i2c
                0x80800e70       0x34 arch/arm/lib/libarm.o
 .text.display_banner
                0x80800ea4       0x20 arch/arm/lib/libarm.o
 .text.init_baudrate
                0x80800ec4       0x2c arch/arm/lib/libarm.o
 .text.mark_bootstage
                0x80800ef0       0x14 arch/arm/lib/libarm.o
 .text.__coloured_LED_init
                0x80800f04        0x4 arch/arm/lib/libarm.o
                0x80800f04                coloured_LED_init
                0x80800f04                __coloured_LED_init
 .text.__red_led_on
                0x80800f08        0x4 arch/arm/lib/libarm.o
                0x80800f08                __red_led_on
                0x80800f08                red_led_on
 .text.__power_init_board
                0x80800f0c        0x8 arch/arm/lib/libarm.o
                0x80800f0c                __power_init_board
                0x80800f0c                power_init_board
 .text.board_init_f
                0x80800f14      0x128 arch/arm/lib/libarm.o
                0x80800f14                board_init_f
 .text.board_init_r
                0x8080103c       0xcc arch/arm/lib/libarm.o
                0x8080103c                board_init_r
 .text.arch_fixup_memory_node
                0x80801108       0x38 arch/arm/lib/libarm.o
                0x80801108                arch_fixup_memory_node
 .text.boot_jump_linux
                0x80801140       0xb8 arch/arm/lib/libarm.o
 .text.arch_lmb_reserve
                0x808011f8       0x24 arch/arm/lib/libarm.o
                0x808011f8                arch_lmb_reserve
 .text.setup_board_tags
                0x8080121c        0x4 arch/arm/lib/libarm.o
                0x8080121c                setup_board_tags
 .text.boot_prep_linux
                0x80801220      0x178 arch/arm/lib/libarm.o
 .text.do_bootm_linux
                0x80801398       0x60 arch/arm/lib/libarm.o
                0x80801398                do_bootm_linux
 .text.bootz_setup
                0x808013f8       0x60 arch/arm/lib/libarm.o
                0x808013f8                bootz_setup
 .text.interrupt_init
                0x80801458       0x1c arch/arm/lib/libarm.o
                0x80801458                interrupt_init
 .text.enable_interrupts
                0x80801474        0x4 arch/arm/lib/libarm.o
                0x80801474                enable_interrupts
 .text.disable_interrupts
                0x80801478        0x8 arch/arm/lib/libarm.o
                0x80801478                disable_interrupts
 .text.bad_mode
                0x80801480       0x10 arch/arm/lib/libarm.o
                0x80801480                bad_mode
 .text.show_regs
                0x80801490      0x13c arch/arm/lib/libarm.o
                0x80801490                show_regs
 .text.do_undefined_instruction
                0x808015cc       0x20 arch/arm/lib/libarm.o
                0x808015cc                do_undefined_instruction
 .text.do_software_interrupt
                0x808015ec       0x20 arch/arm/lib/libarm.o
                0x808015ec                do_software_interrupt
 .text.do_prefetch_abort
                0x8080160c       0x20 arch/arm/lib/libarm.o
                0x8080160c                do_prefetch_abort
 .text.do_data_abort
                0x8080162c       0x20 arch/arm/lib/libarm.o
                0x8080162c                do_data_abort
 .text.do_not_used
                0x8080164c       0x20 arch/arm/lib/libarm.o
                0x8080164c                do_not_used
 .text.do_fiq   0x8080166c       0x20 arch/arm/lib/libarm.o
                0x8080166c                do_fiq
 .text.do_irq   0x8080168c       0x20 arch/arm/lib/libarm.o
                0x8080168c                do_irq
 .text.do_reset
                0x808016ac       0x2c arch/arm/lib/libarm.o
                0x808016ac                do_reset
 .text.cp_delay
                0x808016d8       0x30 arch/arm/lib/libarm.o
 .text.arm_init_domains
                0x80801708        0x4 arch/arm/lib/libarm.o
                0x80801708                arm_init_domains
 .text.set_section_dcache
                0x8080170c       0x14 arch/arm/lib/libarm.o
                0x8080170c                set_section_dcache
 .text.dram_bank_mmu_setup
                0x80801720       0x40 arch/arm/lib/libarm.o
                0x80801720                dram_bank_mmu_setup
 .text.icache_disable
                0x80801760       0x1c arch/arm/lib/libarm.o
                0x80801760                icache_disable
 .text.dcache_enable
                0x8080177c       0x6c arch/arm/lib/libarm.o
                0x8080177c                dcache_enable
 .text.dcache_disable
                0x808017e8       0x28 arch/arm/lib/libarm.o
                0x808017e8                dcache_disable
 .text.print_num
                0x80801810       0x18 common/libcommon.o
 .text.do_bdinfo
                0x80801828      0x180 common/libcommon.o
                0x80801828                do_bdinfo
 .text.do_go_exec
                0x808019a8       0x18 common/libcommon.o
                0x808019a8                do_go_exec
 .text.do_go    0x808019c0       0x70 common/libcommon.o
 .text.copy_args
                0x80801a30       0x50 common/libcommon.o
 .text.image_info
                0x80801a80       0xd0 common/libcommon.o
 .text.do_bootd
                0x80801b50       0x24 common/libcommon.o
                0x80801b50                do_bootd
 .text.do_bootm_rtems
                0x80801b74       0x4c common/libcommon.o
 .text.do_bootm_plan9
                0x80801bc0       0xb0 common/libcommon.o
 .text.do_bootm_netbsd
                0x80801c70      0x100 common/libcommon.o
 .text.do_iminfo
                0x80801d70       0x60 common/libcommon.o
 .text.bootm_find_ramdisk.isra.17
                0x80801dd0       0x44 common/libcommon.o
 .text.bootm_find_fdt
                0x80801e14       0x5c common/libcommon.o
 .text.__arch_preboot_os
                0x80801e70        0x4 common/libcommon.o
                0x80801e70                arch_preboot_os
 .text.do_bootm_states.isra.20.constprop.22
                0x80801e74      0x7dc common/libcommon.o
 .text.do_bootm
                0x80802650       0xdc common/libcommon.o
                0x80802650                do_bootm
 .text.bootm_maybe_autostart
                0x8080272c       0x78 common/libcommon.o
                0x8080272c                bootm_maybe_autostart
 .text.do_bootz
                0x808027a4      0x100 common/libcommon.o
                0x808027a4                do_bootz
 .text.do_coninfo
                0x808028a4       0xbc common/libcommon.o
 .text.do_dfu   0x80802960       0xec common/libcommon.o
 .text.common_diskboot
                0x80802a4c      0x238 common/libcommon.o
                0x80802a4c                common_diskboot
 .text.do_echo  0x80802c84       0xb0 common/libcommon.o
 .text.eeprom_read
                0x80802d34       0x78 common/libcommon.o
                0x80802d34                eeprom_read
 .text.eeprom_write
                0x80802dac       0x78 common/libcommon.o
                0x80802dac                eeprom_write
 .text.eeprom_init
                0x80802e24       0x10 common/libcommon.o
                0x80802e24                eeprom_init
 .text.do_eeprom
                0x80802e34      0x120 common/libcommon.o
                0x80802e34                do_eeprom
 .text.do_exit  0x80802f54       0x30 common/libcommon.o
 .text.do_ext2ls
                0x80802f84       0x18 common/libcommon.o
                0x80802f84                do_ext2ls
 .text.do_ext2load
                0x80802f9c       0x18 common/libcommon.o
                0x80802f9c                do_ext2load
 .text.do_ext4_load
                0x80802fb4       0x18 common/libcommon.o
                0x80802fb4                do_ext4_load
 .text.do_ext4_ls
                0x80802fcc       0x18 common/libcommon.o
                0x80802fcc                do_ext4_ls
 .text.do_fat_fsload
                0x80802fe4       0x18 common/libcommon.o
                0x80802fe4                do_fat_fsload
 .text.do_fat_ls
                0x80802ffc       0x18 common/libcommon.o
 .text.do_fat_fsinfo
                0x80803014       0x90 common/libcommon.o
 .text.do_fat_fswrite
                0x808030a4       0xfc common/libcommon.o
 .text.fdt_valid
                0x808031a0       0xbc common/libcommon.o
 .text.is_printable_string
                0x8080325c       0x88 common/libcommon.o
 .text.print_data
                0x808032e4      0x170 common/libcommon.o
 .text.set_working_fdt_addr
                0x80803454       0x1c common/libcommon.o
                0x80803454                set_working_fdt_addr
 .text.do_fdt   0x80803470      0xe7c common/libcommon.o
 .text.do_load_wrapper
                0x808042ec       0x18 common/libcommon.o
                0x808042ec                do_load_wrapper
 .text.do_ls_wrapper
                0x80804304       0x18 common/libcommon.o
                0x80804304                do_ls_wrapper
 .text.do_gpio  0x8080431c      0x118 common/libcommon.o
 .text.extract_val
                0x80804434       0x9c common/libcommon.o
 .text.extract_env
                0x808044d0       0xd4 common/libcommon.o
 .text.do_gpt   0x808045a4      0x448 common/libcommon.o
 .text.do_help  0x808049ec       0x48 common/libcommon.o
 .text.get_alen
                0x80804a34       0x3c common/libcommon.o
 .text.do_i2c   0x80804a70       0x5c common/libcommon.o
 .text.do_i2c_reset
                0x80804acc       0x1c common/libcommon.o
 .text.do_i2c_mw
                0x80804ae8       0xec common/libcommon.o
 .text.do_i2c_read
                0x80804bd4       0xb0 common/libcommon.o
 .text.do_i2c_probe
                0x80804c84       0x9c common/libcommon.o
 .text.do_i2c_md
                0x80804d20      0x1d4 common/libcommon.o
 .text.do_i2c_crc
                0x80804ef4      0x114 common/libcommon.o
 .text.do_i2c_bus_num
                0x80805008       0x74 common/libcommon.o
                0x80805008                do_i2c_bus_num
 .text.do_i2c_write
                0x8080507c       0xf0 common/libcommon.o
 .text.do_i2c_loop
                0x8080516c       0xd8 common/libcommon.o
 .text.mod_i2c_mem.isra.3
                0x80805244      0x1e4 common/libcommon.o
 .text.do_i2c_nm
                0x80805428        0x8 common/libcommon.o
 .text.do_i2c_mm
                0x80805430        0x8 common/libcommon.o
 .text.i2c_get_bus_speed
                0x80805438        0xc common/libcommon.o
                0x80805438                i2c_get_bus_speed
 .text.i2c_set_bus_speed
                0x80805444       0x14 common/libcommon.o
                0x80805444                i2c_set_bus_speed
 .text.do_i2c_bus_speed
                0x80805458       0x74 common/libcommon.o
 .text.evalexp  0x808054cc       0x74 common/libcommon.o
 .text.binary_test
                0x80805540      0x1e4 common/libcommon.o
 .text.do_itest
                0x80805724       0x98 common/libcommon.o
 .text.bin_data_init
                0x808057bc       0x2c common/libcommon.o
 .text.k_data_save
                0x808057e8       0x4c common/libcommon.o
 .text.k_data_restore
                0x80805834       0x4c common/libcommon.o
 .text.getcxmodem
                0x80805880       0x20 common/libcommon.o
 .text.load_serial_ymodem
                0x808058a0       0xcc common/libcommon.o
 .text.bin_data_char
                0x8080596c       0x2c common/libcommon.o
 .text.chk1.constprop.1
                0x80805998       0x2c common/libcommon.o
 .text.s1_sendpacket.constprop.2
                0x808059c4       0x50 common/libcommon.o
 .text.load_serial
                0x80805a14      0x1f8 common/libcommon.o
 .text.do_load_serial
                0x80805c0c       0xdc common/libcommon.o
 .text.do_load_serial_bin
                0x80805ce8      0x798 common/libcommon.o
 .text.extract_range
                0x80806480       0xe0 common/libcommon.o
 .text.do_mdio  0x80806560      0x3dc common/libcommon.o
 .text.do_mem_mw
                0x8080693c       0xc0 common/libcommon.o
 .text.do_mem_loop
                0x808069fc      0x104 common/libcommon.o
 .text.do_mem_md
                0x80806b00       0xe8 common/libcommon.o
 .text.do_mem_cmp
                0x80806be8      0x154 common/libcommon.o
 .text.do_mem_base
                0x80806d3c       0x40 common/libcommon.o
 .text.do_mem_cp
                0x80806d7c       0xd8 common/libcommon.o
 .text.do_mem_crc
                0x80806e54       0x4c common/libcommon.o
 .text.mod_mem.isra.2
                0x80806ea0      0x168 common/libcommon.o
 .text.do_mem_mm
                0x80807008        0x8 common/libcommon.o
 .text.do_mem_nm
                0x80807010        0x8 common/libcommon.o
 .text.do_mii   0x80807018      0x7a4 common/libcommon.o
 .text.do_sleep
                0x808077bc       0x70 common/libcommon.o
 .text.do_mmcops
                0x8080782c      0x47c common/libcommon.o
 .text.do_mmcinfo
                0x80807ca8      0x180 common/libcommon.o
 .text.part_delall
                0x80807e28       0x44 common/libcommon.o
 .text.memsize_parse
                0x80807e6c       0x80 common/libcommon.o
 .text.mtd_part_info
                0x80807eec       0x98 common/libcommon.o
 .text.memsize_format
                0x80807f84       0x98 common/libcommon.o
 .text.index_partitions
                0x8080801c       0xb4 common/libcommon.o
 .text.current_save
                0x808080d0       0xbc common/libcommon.o
 .text.part_sort_add
                0x8080818c      0x11c common/libcommon.o
 .text.device_del
                0x808082a8       0x7c common/libcommon.o
 .text.generate_mtdparts_save.constprop.7
                0x80808324      0x2fc common/libcommon.o
 .text.device_delall.constprop.9
                0x80808620       0x64 common/libcommon.o
 .text.mtd_devices_init
                0x80808684       0x2c common/libcommon.o
 .text.get_mtd_info.constprop.10
                0x808086b0       0x7c common/libcommon.o
 .text.part_validate
                0x8080872c      0x384 common/libcommon.o
 .text.device_find
                0x80808ab0       0x50 common/libcommon.o
                0x80808ab0                device_find
 .text.device_parse
                0x80808b00      0x520 common/libcommon.o
 .text.mtd_id_parse
                0x80809020      0x110 common/libcommon.o
                0x80809020                mtd_id_parse
 .text.find_dev_and_part
                0x80809130      0x1c0 common/libcommon.o
                0x80809130                find_dev_and_part
 .text.mtdparts_init
                0x808092f0      0x664 common/libcommon.o
                0x808092f0                mtdparts_init
 .text.do_chpart
                0x80809954       0xd4 common/libcommon.o
 .text.do_mtdparts
                0x80809a28      0x5a0 common/libcommon.o
 .text.set_dev  0x80809fc8       0x70 common/libcommon.o
 .text.nand_print_and_set_info
                0x8080a038       0xbc common/libcommon.o
 .text.arg_off  0x8080a0f4      0x110 common/libcommon.o
 .text.arg_off_size
                0x8080a204      0x14c common/libcommon.o
 .text.do_nand  0x8080a350      0xc58 common/libcommon.o
 .text.nand_load_image
                0x8080afa8      0x1c4 common/libcommon.o
 .text.do_nandboot
                0x8080b16c      0x254 common/libcommon.o
 .text.netboot_common
                0x8080b3c0      0x2cc common/libcommon.o
 .text.do_bootp
                0x8080b68c        0xc common/libcommon.o
 .text.do_dhcp  0x8080b698        0xc common/libcommon.o
 .text.do_nfs   0x8080b6a4        0xc common/libcommon.o
 .text.do_tftpb
                0x8080b6b0       0x40 common/libcommon.o
                0x8080b6b0                do_tftpb
 .text.do_ping  0x8080b6f0       0x74 common/libcommon.o
 .text.do_env_delete
                0x8080b764       0xa4 common/libcommon.o
 .text.do_env_save
                0x8080b808       0x2c common/libcommon.o
 .text.do_env   0x8080b834       0x5c common/libcommon.o
 .text.env_print
                0x8080b890       0xc0 common/libcommon.o
 .text.do_env_print
                0x8080b950       0xc8 common/libcommon.o
 .text.do_env_import
                0x8080ba18      0x244 common/libcommon.o
 .text.do_env_default
                0x8080bc5c       0xb8 common/libcommon.o
 .text._do_env_set.isra.0
                0x8080bd14      0x1c4 common/libcommon.o
 .text.do_env_set
                0x8080bed8       0x1c common/libcommon.o
 .text.do_env_ask
                0x8080bef4      0x154 common/libcommon.o
                0x8080bef4                do_env_ask
 .text.get_env_id
                0x8080c048       0x10 common/libcommon.o
                0x8080c048                get_env_id
 .text.setenv   0x8080c058       0x58 common/libcommon.o
                0x8080c058                setenv
 .text.setenv_ulong
                0x8080c0b0       0x20 common/libcommon.o
                0x8080c0b0                setenv_ulong
 .text.setenv_hex
                0x8080c0d0       0x34 common/libcommon.o
                0x8080c0d0                setenv_hex
 .text.do_env_export
                0x8080c104      0x274 common/libcommon.o
 .text.envmatch
                0x8080c378       0x70 common/libcommon.o
                0x8080c378                envmatch
 .text.getenv_f
                0x8080c3e8       0xc8 common/libcommon.o
                0x8080c3e8                getenv_f
 .text.getenv   0x8080c4b0       0x78 common/libcommon.o
                0x8080c4b0                getenv
 .text.getenv_hex
                0x8080c528       0x3c common/libcommon.o
                0x8080c528                getenv_hex
 .text.getenv_ulong
                0x8080c564       0x30 common/libcommon.o
                0x8080c564                getenv_ulong
 .text.do_env_edit
                0x8080c594       0x74 common/libcommon.o
 .text.do_part_uuid
                0x8080c608       0x78 common/libcommon.o
                0x8080c608                do_part_uuid
 .text.do_part_list
                0x8080c680       0x3c common/libcommon.o
                0x8080c680                do_part_list
 .text.do_part  0x8080c6bc       0x6c common/libcommon.o
                0x8080c6bc                do_part
 .text.source   0x8080c728       0xdc common/libcommon.o
                0x8080c728                source
 .text.do_source
                0x8080c804       0x44 common/libcommon.o
                0x8080c804                do_source
 .text.do_spi   0x8080c848      0x264 common/libcommon.o
                0x8080c848                do_spi
 .text.do_spl   0x8080caac      0x1a0 common/libcommon.o
 .text.do_false
                0x8080cc4c        0x8 common/libcommon.o
 .text.do_true  0x8080cc54        0x8 common/libcommon.o
 .text.do_test  0x8080cc5c      0x464 common/libcommon.o
 .text.usb_get_class_desc
                0x8080d0c0       0xbc common/libcommon.o
 .text.usb_display_class_sub
                0x8080d17c      0x180 common/libcommon.o
 .text.usb_find_device
                0x8080d2fc       0x3c common/libcommon.o
 .text.usb_show_tree_graph
                0x8080d338      0x218 common/libcommon.o
 .text.usb_display_string
                0x8080d550       0x44 common/libcommon.o
 .text.usb_display_config
                0x8080d594      0x214 common/libcommon.o
 .text.do_usbboot
                0x8080d7a8        0xc common/libcommon.o
 .text.usb_display_desc.part.1
                0x8080d7b4      0x12c common/libcommon.o
 .text.do_usb   0x8080d8e0      0x770 common/libcommon.o
 .text.do_version
                0x8080e050       0x38 common/libcommon.o
 .text.do_imgextract
                0x8080e088      0x284 common/libcommon.o
 .text.find_cmd_tbl
                0x8080e30c       0xa4 common/libcommon.o
                0x8080e30c                find_cmd_tbl
 .text.find_cmd
                0x8080e3b0       0x28 common/libcommon.o
                0x8080e3b0                find_cmd
 .text.cmd_usage
                0x8080e3d8       0x5c common/libcommon.o
                0x8080e3d8                cmd_usage
 .text._do_help
                0x8080e434      0x184 common/libcommon.o
                0x8080e434                _do_help
 .text.var_complete
                0x8080e5b8       0x80 common/libcommon.o
                0x8080e5b8                var_complete
 .text.cmd_auto_complete
                0x8080e638      0x480 common/libcommon.o
                0x8080e638                cmd_auto_complete
 .text.cmd_get_data_size
                0x8080eab8       0x5c common/libcommon.o
                0x8080eab8                cmd_get_data_size
 .text.cmd_process
                0x8080eb14       0xe8 common/libcommon.o
                0x8080eb14                cmd_process
 .text.console_setfile
                0x8080ebfc       0xa0 common/libcommon.o
 .text.fgetc    0x8080ec9c       0x2c common/libcommon.o
                0x8080ec9c                fgetc
 .text.ftstc    0x8080ecc8       0x2c common/libcommon.o
                0x8080ecc8                ftstc
 .text.fputc    0x8080ecf4       0x28 common/libcommon.o
                0x8080ecf4                fputc
 .text.getc     0x8080ed1c       0x24 common/libcommon.o
                0x8080ed1c                getc
 .text.tstc     0x8080ed40       0x24 common/libcommon.o
                0x8080ed40                tstc
 .text.putc     0x8080ed64       0x28 common/libcommon.o
                0x8080ed64                putc
 .text.puts     0x8080ed8c       0x3c common/libcommon.o
                0x8080ed8c                puts
 .text.printf   0x8080edc8       0x4c common/libcommon.o
                0x8080edc8                printf
 .text.vprintf  0x8080ee14       0x40 common/libcommon.o
                0x8080ee14                vprintf
 .text.ctrlc    0x8080ee54       0x58 common/libcommon.o
                0x8080ee54                ctrlc
 .text.had_ctrlc
                0x8080eeac       0x10 common/libcommon.o
                0x8080eeac                had_ctrlc
 .text.clear_ctrlc
                0x8080eebc       0x14 common/libcommon.o
                0x8080eebc                clear_ctrlc
 .text.search_device
                0x8080eed0       0x28 common/libcommon.o
                0x8080eed0                search_device
 .text.console_assign
                0x8080eef8       0x44 common/libcommon.o
                0x8080eef8                console_assign
 .text.on_console
                0x8080ef3c       0xb8 common/libcommon.o
 .text.console_init_f
                0x8080eff4       0x10 common/libcommon.o
                0x8080eff4                console_init_f
 .text.console_init_r
                0x8080f004       0xd0 common/libcommon.o
                0x8080f004                console_init_r
 .text.sbrk     0x8080f0d4       0x70 common/libcommon.o
                0x8080f0d4                sbrk
 .text.mem_malloc_init
                0x8080f144       0x34 common/libcommon.o
                0x8080f144                mem_malloc_init
 .text.malloc_trim
                0x8080f178       0xcc common/libcommon.o
                0x8080f178                malloc_trim
 .text.free     0x8080f244      0x230 common/libcommon.o
                0x8080f244                free
 .text.malloc   0x8080f474      0x5dc common/libcommon.o
                0x8080f474                malloc
 .text.calloc   0x8080fa50       0xdc common/libcommon.o
                0x8080fa50                calloc
 .text.realloc  0x8080fb2c      0x4c0 common/libcommon.o
                0x8080fb2c                realloc
 .text.memalign
                0x8080ffec      0x10c common/libcommon.o
                0x8080ffec                memalign
 .text.env_attr_walk
                0x808100f8      0x110 common/libcommon.o
                0x808100f8                env_attr_walk
 .text.env_attr_lookup
                0x80810208      0x184 common/libcommon.o
                0x80810208                env_attr_lookup
 .text.clear_callback
                0x8081038c       0x10 common/libcommon.o
 .text.find_env_callback
                0x8081039c       0x64 common/libcommon.o
 .text.on_callbacks
                0x80810400       0x48 common/libcommon.o
 .text.set_callback
                0x80810448       0x94 common/libcommon.o
 .text.env_callback_init
                0x808104dc       0xa0 common/libcommon.o
                0x808104dc                env_callback_init
 .text.__env_get_char_spec
                0x8081057c        0xc common/libcommon.o
                0x8081057c                env_get_char_spec
 .text.env_get_addr
                0x80810588       0x20 common/libcommon.o
                0x80810588                env_get_addr
 .text.env_get_char_memory
                0x808105a8       0x10 common/libcommon.o
                0x808105a8                env_get_char_memory
 .text.env_get_char
                0x808105b8       0x30 common/libcommon.o
                0x808105b8                env_get_char
 .text.getenv_yesno
                0x808105e8       0x48 common/libcommon.o
                0x808105e8                getenv_yesno
 .text.getenv_default
                0x80810630       0x30 common/libcommon.o
                0x80810630                getenv_default
 .text.set_default_env
                0x80810660       0xbc common/libcommon.o
                0x80810660                set_default_env
 .text.set_default_vars
                0x8081071c       0x34 common/libcommon.o
                0x8081071c                set_default_vars
 .text.env_import
                0x80810750       0xe0 common/libcommon.o
                0x80810750                env_import
 .text.env_relocate
                0x80810830       0x30 common/libcommon.o
                0x80810830                env_relocate
 .text.env_complete
                0x80810860       0xdc common/libcommon.o
                0x80810860                env_complete
 .text.env_init
                0x8081093c       0x1c common/libcommon.o
                0x8081093c                env_init
 .text.saveenv  0x80810958      0x198 common/libcommon.o
                0x80810958                saveenv
 .text.env_relocate_spec
                0x80810af0      0x108 common/libcommon.o
                0x80810af0                env_relocate_spec
 .text.skip_num
                0x80810bf8       0x74 common/libcommon.o
 .text.clear_flags
                0x80810c6c       0x10 common/libcommon.o
 .text.on_flags
                0x80810c7c       0x48 common/libcommon.o
 .text.env_flags_parse_vartype
                0x80810cc4       0x50 common/libcommon.o
                0x80810cc4                env_flags_parse_vartype
 .text.env_flags_parse_varaccess
                0x80810d14       0x58 common/libcommon.o
                0x80810d14                env_flags_parse_varaccess
 .text.set_flags
                0x80810d6c       0xac common/libcommon.o
 .text.env_flags_init
                0x80810e18       0xb0 common/libcommon.o
                0x80810e18                env_flags_init
 .text.env_flags_validate
                0x80810ec8      0x308 common/libcommon.o
                0x80810ec8                env_flags_validate
 .text.dummy    0x808111d0        0x4 common/libcommon.o
 .text.get_version
                0x808111d4        0x8 common/libcommon.o
                0x808111d4                get_version
 .text.jumptable_init
                0x808111dc      0x1d0 common/libcommon.o
                0x808111dc                jumptable_init
 .text.get_cells_len
                0x808113ac       0x3c common/libcommon.o
 .text.fdt_find_and_setprop
                0x808113e8       0x70 common/libcommon.o
                0x808113e8                fdt_find_and_setprop
 .text.fdt_initrd
                0x80811458      0x1c0 common/libcommon.o
                0x80811458                fdt_initrd
 .text.fdt_chosen
                0x80811618      0x114 common/libcommon.o
                0x80811618                fdt_chosen
 .text.do_fixup_by_path
                0x8081172c       0x54 common/libcommon.o
                0x8081172c                do_fixup_by_path
 .text.fdt_fixup_memory_banks
                0x80811780      0x21c common/libcommon.o
                0x80811780                fdt_fixup_memory_banks
 .text.fdt_fixup_memory
                0x8081199c       0x24 common/libcommon.o
                0x8081199c                fdt_fixup_memory
 .text.fdt_fixup_ethernet
                0x808119c0      0x158 common/libcommon.o
                0x808119c0                fdt_fixup_ethernet
 .text.fdt_resize
                0x80811b18       0xd0 common/libcommon.o
                0x80811b18                fdt_resize
 .text.hash_command
                0x80811be8       0xa0 common/libcommon.o
                0x80811be8                hash_command
 .text.b_reset  0x80811c88       0x1c common/libcommon.o
 .text.static_get
                0x80811ca4       0x1c common/libcommon.o
 .text.static_peek
                0x80811cc0        0xc common/libcommon.o
 .text.file_peek
                0x80811ccc        0xc common/libcommon.o
 .text.mapset   0x80811cd8       0x20 common/libcommon.o
 .text.syntax_err
                0x80811cf8        0xc common/libcommon.o
 .text.free_pipe_list
                0x80811d04       0xe8 common/libcommon.o
 .text.xmalloc  0x80811dec       0x20 common/libcommon.o
 .text.new_pipe
                0x80811e0c       0x28 common/libcommon.o
 .text.xrealloc
                0x80811e34       0x20 common/libcommon.o
 .text.done_command
                0x80811e54       0x88 common/libcommon.o
 .text.done_pipe
                0x80811edc       0x48 common/libcommon.o
 .text.done_word
                0x80811f24      0x2a8 common/libcommon.o
 .text.do_showvar
                0x808121cc       0xf0 common/libcommon.o
 .text.is_assignment
                0x808122bc       0x54 common/libcommon.o
 .text.file_get
                0x80812310      0x1d0 common/libcommon.o
 .text.b_addchr
                0x808124e0       0x78 common/libcommon.o
 .text.b_addqchr
                0x80812558       0x50 common/libcommon.o
 .text.get_local_var
                0x808125a8       0x94 common/libcommon.o
                0x808125a8                get_local_var
 .text.set_local_var
                0x8081263c      0x1a8 common/libcommon.o
                0x8081263c                set_local_var
 .text.insert_var_value_sub
                0x808127e4      0x2a8 common/libcommon.o
 .text.parse_string_outer
                0x80812a8c       0xe4 common/libcommon.o
                0x80812a8c                parse_string_outer
 .text.run_list_real
                0x80812b70      0x79c common/libcommon.o
 .text.parse_stream_outer
                0x8081330c      0x6a0 common/libcommon.o
 .text.parse_file_outer
                0x808139ac       0x44 common/libcommon.o
                0x808139ac                parse_file_outer
 .text.u_boot_hush_start
                0x808139f0       0x54 common/libcommon.o
                0x808139f0                u_boot_hush_start
 .text.fdt_error
                0x80813a44       0x2c common/libcommon.o
 .text.boot_fdt_add_mem_rsv_regions
                0x80813a70       0x88 common/libcommon.o
                0x80813a70                boot_fdt_add_mem_rsv_regions
 .text.boot_relocate_fdt
                0x80813af8      0x194 common/libcommon.o
                0x80813af8                boot_relocate_fdt
 .text.boot_get_fdt
                0x80813c8c      0x270 common/libcommon.o
                0x80813c8c                boot_get_fdt
 .text.ft_verify_fdt
                0x80813efc        0x8 common/libcommon.o
                0x80813efc                ft_verify_fdt
 .text.image_setup_libfdt
                0x80813f04       0xd8 common/libcommon.o
                0x80813f04                image_setup_libfdt
 .text.on_loadaddr
                0x80813fdc       0x38 common/libcommon.o
 .text.image_check_hcrc
                0x80814014       0x4c common/libcommon.o
                0x80814014                image_check_hcrc
 .text.image_check_dcrc
                0x80814060       0x38 common/libcommon.o
                0x80814060                image_check_dcrc
 .text.image_multi_count
                0x80814098       0x1c common/libcommon.o
                0x80814098                image_multi_count
 .text.image_multi_getimg
                0x808140b4       0x84 common/libcommon.o
                0x808140b4                image_multi_getimg
 .text.getenv_bootm_low
                0x80814138       0x30 common/libcommon.o
                0x80814138                getenv_bootm_low
 .text.getenv_bootm_size
                0x80814168       0x5c common/libcommon.o
                0x80814168                getenv_bootm_size
 .text.getenv_bootm_mapsize
                0x808141c4       0x30 common/libcommon.o
                0x808141c4                getenv_bootm_mapsize
 .text.memmove_wd
                0x808141f4        0xc common/libcommon.o
                0x808141f4                memmove_wd
 .text.genimg_print_size
                0x80814200       0x30 common/libcommon.o
                0x80814200                genimg_print_size
 .text.get_table_entry_name
                0x80814230       0x2c common/libcommon.o
                0x80814230                get_table_entry_name
 .text.genimg_get_os_name
                0x8081425c       0x18 common/libcommon.o
                0x8081425c                genimg_get_os_name
 .text.genimg_get_arch_name
                0x80814274       0x18 common/libcommon.o
                0x80814274                genimg_get_arch_name
 .text.genimg_get_type_name
                0x8081428c       0x18 common/libcommon.o
                0x8081428c                genimg_get_type_name
 .text.genimg_get_comp_name
                0x808142a4       0x18 common/libcommon.o
                0x808142a4                genimg_get_comp_name
 .text.image_print_contents
                0x808142bc      0x16c common/libcommon.o
                0x808142bc                image_print_contents
 .text.genimg_get_format
                0x80814428       0x38 common/libcommon.o
                0x80814428                genimg_get_format
 .text.genimg_get_image
                0x80814460        0x4 common/libcommon.o
                0x80814460                genimg_get_image
 .text.genimg_has_config
                0x80814464        0x8 common/libcommon.o
                0x80814464                genimg_has_config
 .text.boot_get_ramdisk
                0x8081446c      0x23c common/libcommon.o
                0x8081446c                boot_get_ramdisk
 .text.boot_ramdisk_high
                0x808146a8      0x128 common/libcommon.o
                0x808146a8                boot_ramdisk_high
 .text.image_setup_linux
                0x808147d0       0x8c common/libcommon.o
                0x808147d0                image_setup_linux
 .text.delete_char.part.0
                0x8081485c       0xd0 common/libcommon.o
 .text.cread_add_char
                0x8081492c       0xe8 common/libcommon.o
 .text.__show_boot_progress
                0x80814a14        0x4 common/libcommon.o
                0x80814a14                __show_boot_progress
                0x80814a14                show_boot_progress
 .text.readline_into_buffer
                0x80814a18      0x9c0 common/libcommon.o
                0x80814a18                readline_into_buffer
 .text.readline
                0x808153d8       0x14 common/libcommon.o
                0x808153d8                readline
 .text.run_command
                0x808153ec        0x8 common/libcommon.o
                0x808153ec                run_command
 .text.run_command_list
                0x808153f4       0x5c common/libcommon.o
                0x808153f4                run_command_list
 .text.main_loop
                0x80815450      0x120 common/libcommon.o
                0x80815450                main_loop
 .text.do_run   0x80815570       0x74 common/libcommon.o
                0x80815570                do_run
 .text.get_ram_size
                0x808155e4       0xfc common/libcommon.o
                0x808155e4                get_ram_size
 .text.miiphy_get_dev_by_name
                0x808156e0       0x5c common/libcommon.o
                0x808156e0                miiphy_get_dev_by_name
 .text.miiphy_init
                0x8081573c       0x24 common/libcommon.o
                0x8081573c                miiphy_init
 .text.mdio_alloc
                0x80815760       0x30 common/libcommon.o
                0x80815760                mdio_alloc
 .text.mdio_register
                0x80815790       0x8c common/libcommon.o
                0x80815790                mdio_register
 .text.mdio_list_devices
                0x8081581c       0x9c common/libcommon.o
                0x8081581c                mdio_list_devices
 .text.miiphy_set_current_dev
                0x808158b8       0x40 common/libcommon.o
                0x808158b8                miiphy_set_current_dev
 .text.miiphy_get_active_dev
                0x808158f8       0x54 common/libcommon.o
 .text.mdio_get_current_dev
                0x8081594c       0x10 common/libcommon.o
                0x8081594c                mdio_get_current_dev
 .text.mdio_phydev_for_ethname
                0x8081595c       0x8c common/libcommon.o
                0x8081595c                mdio_phydev_for_ethname
 .text.miiphy_get_current_dev
                0x808159e8       0x18 common/libcommon.o
                0x808159e8                miiphy_get_current_dev
 .text.miiphy_read
                0x80815a00       0x4c common/libcommon.o
                0x80815a00                miiphy_read
 .text.miiphy_write
                0x80815a4c       0x40 common/libcommon.o
                0x80815a4c                miiphy_write
 .text.miiphy_listdev
                0x80815a8c       0x74 common/libcommon.o
                0x80815a8c                miiphy_listdev
 .text.miiphy_info
                0x80815b00       0x88 common/libcommon.o
                0x80815b00                miiphy_info
 .text.miiphy_speed
                0x80815b88       0x90 common/libcommon.o
                0x80815b88                miiphy_speed
 .text.miiphy_duplex
                0x80815c18       0x90 common/libcommon.o
                0x80815c18                miiphy_duplex
 .text.miiphy_is_1000base_x
                0x80815ca8        0x8 common/libcommon.o
                0x80815ca8                miiphy_is_1000base_x
 .text.hex1_bin
                0x80815cb0       0x40 common/libcommon.o
 .text.hex2_bin
                0x80815cf0       0x38 common/libcommon.o
 .text.srec_decode
                0x80815d28      0x254 common/libcommon.o
                0x80815d28                srec_decode
 .text.stdio_get_list
                0x80815f7c        0xc common/libcommon.o
                0x80815f7c                stdio_get_list
 .text.stdio_get_by_name
                0x80815f88       0x4c common/libcommon.o
                0x80815f88                stdio_get_by_name
 .text.stdio_clone
                0x80815fd4       0x40 common/libcommon.o
                0x80815fd4                stdio_clone
 .text.stdio_register
                0x80816014       0x3c common/libcommon.o
                0x80816014                stdio_register
 .text.stdio_init
                0x80816050       0x9c common/libcommon.o
                0x80816050                stdio_init
 .text.usb_set_maxpacket_ep
                0x808160ec       0x68 common/libcommon.o
 .text.usb_stop
                0x80816154       0x5c common/libcommon.o
                0x80816154                usb_stop
 .text.usb_disable_asynch
                0x808161b0       0x20 common/libcommon.o
                0x808161b0                usb_disable_asynch
 .text.usb_control_msg
                0x808161d0       0xc0 common/libcommon.o
                0x808161d0                usb_control_msg
 .text.usb_get_descriptor
                0x80816290       0x50 common/libcommon.o
 .text.usb_get_string
                0x808162e0       0x6c common/libcommon.o
 .text.usb_string_sub
                0x8081634c      0x10c common/libcommon.o
 .text.usb_bulk_msg
                0x80816458       0x6c common/libcommon.o
                0x80816458                usb_bulk_msg
 .text.usb_maxpacket
                0x808164c4       0x1c common/libcommon.o
                0x808164c4                usb_maxpacket
 .text.usb_clear_halt
                0x808164e0       0x90 common/libcommon.o
                0x808164e0                usb_clear_halt
 .text.usb_get_configuration_no
                0x80816570       0xac common/libcommon.o
                0x80816570                usb_get_configuration_no
 .text.usb_set_interface
                0x8081661c       0xb0 common/libcommon.o
                0x8081661c                usb_set_interface
 .text.usb_string
                0x808166cc      0x104 common/libcommon.o
                0x808166cc                usb_string
 .text.usb_get_dev_index
                0x808167d0       0x24 common/libcommon.o
                0x808167d0                usb_get_dev_index
 .text.usb_alloc_new_device
                0x808167f4       0x8c common/libcommon.o
                0x808167f4                usb_alloc_new_device
 .text.usb_free_device
                0x80816880       0x48 common/libcommon.o
                0x80816880                usb_free_device
 .text.usb_alloc_device
                0x808168c8        0x8 common/libcommon.o
                0x808168c8                usb_alloc_device
 .text.usb_new_device
                0x808168d0      0x614 common/libcommon.o
                0x808168d0                usb_new_device
 .text.usb_init
                0x80816ee4      0x114 common/libcommon.o
                0x80816ee4                usb_init
 .text.board_usb_init
                0x80816ff8        0x8 common/libcommon.o
                0x80816ff8                board_usb_init
 .text.usb_set_port_feature
                0x80817000       0x4c common/libcommon.o
 .text.usb_get_port_status
                0x8081704c       0x4c common/libcommon.o
 .text.usb_clear_port_feature
                0x80817098       0x4c common/libcommon.o
 .text.usb_hub_power_on
                0x808170e4       0xb4 common/libcommon.o
 .text.usb_get_hub_descriptor
                0x80817198       0x50 common/libcommon.o
 .text.usb_hub_reset_devices
                0x808171e8        0x4 common/libcommon.o
                0x808171e8                usb_hub_reset_devices
 .text.usb_hub_reset
                0x808171ec       0x14 common/libcommon.o
                0x808171ec                usb_hub_reset
 .text.hub_port_reset
                0x80817200       0xac common/libcommon.o
                0x80817200                hub_port_reset
 .text.usb_hub_port_connect_change
                0x808172ac      0x120 common/libcommon.o
                0x808172ac                usb_hub_port_connect_change
 .text.usb_hub_configure
                0x808173cc      0x2d8 common/libcommon.o
 .text.usb_hub_probe
                0x808176a4       0x58 common/libcommon.o
                0x808176a4                usb_hub_probe
 .text.usb_stor_irq
                0x808176fc       0x1c common/libcommon.o
 .text.usb_stor_BBB_reset
                0x80817718       0xd4 common/libcommon.o
 .text.usb_stor_CB_reset
                0x808177ec       0xcc common/libcommon.o
 .text.usb_stor_BBB_clear_endpt_stall.isra.2
                0x808178b8       0x40 common/libcommon.o
 .text.usb_stor_BBB_transport
                0x808178f8      0x25c common/libcommon.o
 .text.usb_stor_CB_comdat
                0x80817b54      0x1f4 common/libcommon.o
 .text.usb_stor_CBI_get_status.isra.4
                0x80817d48       0xc4 common/libcommon.o
 .text.usb_stor_CB_transport
                0x80817e0c      0x220 common/libcommon.o
 .text.usb_request_sense.constprop.9
                0x8081802c       0x70 common/libcommon.o
 .text.usb_stor_write
                0x8081809c      0x19c common/libcommon.o
                0x8081809c                usb_stor_write
 .text.usb_stor_read
                0x80818238      0x19c common/libcommon.o
                0x80818238                usb_stor_read
 .text.usb_stor_get_dev
                0x808183d4       0x28 common/libcommon.o
                0x808183d4                usb_stor_get_dev
 .text.usb_stor_info
                0x808183fc       0x74 common/libcommon.o
                0x808183fc                usb_stor_info
 .text.usb_storage_probe
                0x80818470      0x200 common/libcommon.o
                0x80818470                usb_storage_probe
 .text.usb_stor_get_info
                0x80818670      0x31c common/libcommon.o
                0x80818670                usb_stor_get_info
 .text.usb_stor_scan
                0x8081898c      0x1e4 common/libcommon.o
                0x8081898c                usb_stor_scan
 .text.CYGACC_COMM_IF_GETC_TIMEOUT.isra.0
                0x80818b70       0x4c common/libcommon.o
 .text.xyzModem_flush
                0x80818bbc       0x1c common/libcommon.o
 .text.xyzModem_get_hdr
                0x80818bd8      0x230 common/libcommon.o
 .text.xyzModem_stream_open
                0x80818e08      0x248 common/libcommon.o
                0x80818e08                xyzModem_stream_open
 .text.xyzModem_stream_read
                0x80819050      0x24c common/libcommon.o
                0x80819050                xyzModem_stream_read
 .text.xyzModem_stream_close
                0x8081929c       0x54 common/libcommon.o
                0x8081929c                xyzModem_stream_close
 .text.xyzModem_stream_terminate
                0x808192f0       0x94 common/libcommon.o
                0x808192f0                xyzModem_stream_terminate
 .text.xyzModem_error
                0x80819384       0x20 common/libcommon.o
                0x80819384                xyzModem_error
 .text.print_part_header
                0x808193a4       0xc4 disk/libdisk.o
 .text.get_dev  0x80819468       0x60 disk/libdisk.o
                0x80819468                get_dev
 .text.dev_print
                0x808194c8      0x218 disk/libdisk.o
                0x808194c8                dev_print
 .text.init_part
                0x808196e0       0x34 disk/libdisk.o
                0x808196e0                init_part
 .text.print_part
                0x80819714       0x64 disk/libdisk.o
                0x80819714                print_part
 .text.get_partition_info
                0x80819778       0x40 disk/libdisk.o
                0x80819778                get_partition_info
 .text.get_device
                0x808197b8       0x84 disk/libdisk.o
                0x808197b8                get_device
 .text.get_device_and_partition
                0x8081983c      0x44c disk/libdisk.o
                0x8081983c                get_device_and_partition
 .text.get_partition_info_extended
                0x80819c88      0x2f4 disk/libdisk.o
 .text.test_block_type
                0x80819f7c       0x7c disk/libdisk.o
 .text.print_partition_extended
                0x80819ff8      0x25c disk/libdisk.o
 .text.test_part_dos
                0x8081a254       0x60 disk/libdisk.o
                0x8081a254                test_part_dos
 .text.print_part_dos
                0x8081a2b4       0x34 disk/libdisk.o
                0x8081a2b4                print_part_dos
 .text.get_partition_info_dos
                0x8081a2e8       0x24 disk/libdisk.o
                0x8081a2e8                get_partition_info_dos
 .text.print_efiname
                0x8081a30c       0x60 disk/libdisk.o
 .text.uuid_string
                0x8081a36c       0x6c disk/libdisk.o
 .text.is_pte_valid
                0x8081a3d8       0x58 disk/libdisk.o
 .text.string_uuid
                0x8081a430      0x164 disk/libdisk.o
 .text.is_gpt_valid.constprop.2
                0x8081a594      0x29c disk/libdisk.o
 .text.print_part_efi
                0x8081a830      0x18c disk/libdisk.o
                0x8081a830                print_part_efi
 .text.get_partition_info_efi
                0x8081a9bc      0x188 disk/libdisk.o
                0x8081a9bc                get_partition_info_efi
 .text.test_part_efi
                0x8081ab44       0xd8 disk/libdisk.o
                0x8081ab44                test_part_efi
 .text.write_gpt_table
                0x8081ac1c      0x1ec disk/libdisk.o
                0x8081ac1c                write_gpt_table
 .text.gpt_fill_pte
                0x8081ae08      0x1b0 disk/libdisk.o
                0x8081ae08                gpt_fill_pte
 .text.gpt_fill_header
                0x8081afb8      0x15c disk/libdisk.o
                0x8081afb8                gpt_fill_header
 .text.gpt_restore
                0x8081b114       0xfc disk/libdisk.o
                0x8081b114                gpt_restore
 .text.dfu_write_buffer_drain
                0x8081b210       0x8c drivers/dfu/libdfu.o
 .text.dfu_reset
                0x8081b29c       0x10 drivers/dfu/libdfu.o
                0x8081b29c                dfu_reset
 .text.dfu_trigger_reset
                0x8081b2ac       0x14 drivers/dfu/libdfu.o
                0x8081b2ac                dfu_trigger_reset
 .text.dfu_free_buf
                0x8081b2c0       0x20 drivers/dfu/libdfu.o
                0x8081b2c0                dfu_free_buf
 .text.dfu_get_buf
                0x8081b2e0       0x88 drivers/dfu/libdfu.o
                0x8081b2e0                dfu_get_buf
 .text.dfu_write
                0x8081b368      0x1e4 drivers/dfu/libdfu.o
                0x8081b368                dfu_write
 .text.dfu_read
                0x8081b54c      0x254 drivers/dfu/libdfu.o
                0x8081b54c                dfu_read
 .text.dfu_free_entities
                0x8081b7a0       0x74 drivers/dfu/libdfu.o
                0x8081b7a0                dfu_free_entities
 .text.dfu_config_entities
                0x8081b814      0x184 drivers/dfu/libdfu.o
                0x8081b814                dfu_config_entities
 .text.dfu_init_env_entities
                0x8081b998       0x90 drivers/dfu/libdfu.o
                0x8081b998                dfu_init_env_entities
 .text.dfu_get_dev_type
                0x8081ba28       0x3c drivers/dfu/libdfu.o
                0x8081ba28                dfu_get_dev_type
 .text.dfu_get_layout
                0x8081ba64       0x3c drivers/dfu/libdfu.o
                0x8081ba64                dfu_get_layout
 .text.dfu_show_entities
                0x8081baa0       0x74 drivers/dfu/libdfu.o
                0x8081baa0                dfu_show_entities
 .text.dfu_get_alt_number
                0x8081bb14       0x10 drivers/dfu/libdfu.o
                0x8081bb14                dfu_get_alt_number
 .text.dfu_get_entity
                0x8081bb24       0x40 drivers/dfu/libdfu.o
                0x8081bb24                dfu_get_entity
 .text.mmc_block_op
                0x8081bb64       0xf4 drivers/dfu/libdfu.o
 .text.mmc_file_op
                0x8081bc58      0x180 drivers/dfu/libdfu.o
 .text.dfu_write_medium_mmc
                0x8081bdd8       0xb4 drivers/dfu/libdfu.o
                0x8081bdd8                dfu_write_medium_mmc
 .text.dfu_flush_medium_mmc
                0x8081be8c       0x44 drivers/dfu/libdfu.o
                0x8081be8c                dfu_flush_medium_mmc
 .text.dfu_read_medium_mmc
                0x8081bed0       0x6c drivers/dfu/libdfu.o
                0x8081bed0                dfu_read_medium_mmc
 .text.dfu_fill_entity_mmc
                0x8081bf3c      0x228 drivers/dfu/libdfu.o
                0x8081bf3c                dfu_fill_entity_mmc
 .text.dfu_flush_medium_nand
                0x8081c164       0xd0 drivers/dfu/libdfu.o
 .text.nand_block_op
                0x8081c234      0x1a0 drivers/dfu/libdfu.o
 .text.dfu_write_medium_nand
                0x8081c3d4       0x48 drivers/dfu/libdfu.o
 .text.dfu_read_medium_nand
                0x8081c41c       0x44 drivers/dfu/libdfu.o
 .text.dfu_fill_entity_nand
                0x8081c460      0x1e8 drivers/dfu/libdfu.o
                0x8081c460                dfu_fill_entity_nand
 .text.dfu_write_medium_ram
                0x8081c648       0x9c drivers/dfu/libdfu.o
 .text.dfu_read_medium_ram
                0x8081c6e4       0xb4 drivers/dfu/libdfu.o
 .text.dfu_fill_entity_ram
                0x8081c798       0xdc drivers/dfu/libdfu.o
                0x8081c798                dfu_fill_entity_ram
 .text.check_gpio
                0x8081c874       0x2c drivers/gpio/libgpio.o
 .text._set_gpio_dataout
                0x8081c8a0       0x44 drivers/gpio/libgpio.o
 .text.gpio_is_valid
                0x8081c8e4       0x10 drivers/gpio/libgpio.o
                0x8081c8e4                gpio_is_valid
 .text.gpio_get_value
                0x8081c8f4       0x70 drivers/gpio/libgpio.o
                0x8081c8f4                gpio_get_value
 .text.gpio_direction_input
                0x8081c964       0x5c drivers/gpio/libgpio.o
                0x8081c964                gpio_direction_input
 .text.gpio_direction_output
                0x8081c9c0       0x70 drivers/gpio/libgpio.o
                0x8081c9c0                gpio_direction_output
 .text.gpio_request
                0x8081ca30       0x10 drivers/gpio/libgpio.o
                0x8081ca30                gpio_request
 .text.gpio_free
                0x8081ca40        0x8 drivers/gpio/libgpio.o
                0x8081ca40                gpio_free
 .text.flush_fifo
                0x8081ca48       0x3c drivers/i2c/libi2c.o
 .text.wait_for_bb
                0x8081ca84       0x8c drivers/i2c/libi2c.o
 .text.wait_for_event
                0x8081cb10       0x80 drivers/i2c/libi2c.o
 .text.i2c_init
                0x8081cb90      0x198 drivers/i2c/libi2c.o
                0x8081cb90                i2c_init
 .text.i2c_probe
                0x8081cd28       0xf4 drivers/i2c/libi2c.o
                0x8081cd28                i2c_probe
 .text.i2c_read
                0x8081ce1c      0x214 drivers/i2c/libi2c.o
                0x8081ce1c                i2c_read
 .text.i2c_write
                0x8081d030      0x1e8 drivers/i2c/libi2c.o
                0x8081d030                i2c_write
 .text.i2c_set_bus_num
                0x8081d218       0x94 drivers/i2c/libi2c.o
                0x8081d218                i2c_set_bus_num
 .text.i2c_get_bus_num
                0x8081d2ac       0x10 drivers/i2c/libi2c.o
                0x8081d2ac                i2c_get_bus_num
 .text.mmc_set_ios
                0x8081d2bc      0x128 drivers/mmc/libmmc.o
 .text.mmc_set_capacity
                0x8081d3e4       0xac drivers/mmc/libmmc.o
 .text.board_mmc_getwp
                0x8081d490        0x8 drivers/mmc/libmmc.o
                0x8081d490                board_mmc_getwp
 .text.mmc_getwp
                0x8081d498       0x34 drivers/mmc/libmmc.o
                0x8081d498                mmc_getwp
 .text.__board_mmc_getcd
                0x8081d4cc        0x8 drivers/mmc/libmmc.o
                0x8081d4cc                __board_mmc_getcd
                0x8081d4cc                board_mmc_getcd
 .text.mmc_send_cmd
                0x8081d4d4      0x3e4 drivers/mmc/libmmc.o
                0x8081d4d4                mmc_send_cmd
 .text.mmc_go_idle
                0x8081d8b8       0x4c drivers/mmc/libmmc.o
 .text.mmc_send_op_cond_iter
                0x8081d904       0x7c drivers/mmc/libmmc.o
 .text.mmc_send_ext_csd
                0x8081d980       0x4c drivers/mmc/libmmc.o
 .text.mmc_send_status
                0x8081d9cc       0xc4 drivers/mmc/libmmc.o
                0x8081d9cc                mmc_send_status
 .text.mmc_switch.isra.1
                0x8081da90       0x54 drivers/mmc/libmmc.o
 .text.mmc_set_blocklen
                0x8081dae4       0x30 drivers/mmc/libmmc.o
                0x8081dae4                mmc_set_blocklen
 .text.find_mmc_device
                0x8081db14       0x4c drivers/mmc/libmmc.o
                0x8081db14                find_mmc_device
 .text.mmc_bread
                0x8081db60      0x138 drivers/mmc/libmmc.o
 .text.mmc_complete_op_cond
                0x8081dc98       0x88 drivers/mmc/libmmc.o
                0x8081dc98                mmc_complete_op_cond
 .text.mmc_switch_part
                0x8081dd20       0x4c drivers/mmc/libmmc.o
                0x8081dd20                mmc_switch_part
 .text.mmc_getcd
                0x8081dd6c       0x34 drivers/mmc/libmmc.o
                0x8081dd6c                mmc_getcd
 .text.mmc_set_clock
                0x8081dda0       0x20 drivers/mmc/libmmc.o
                0x8081dda0                mmc_set_clock
 .text.mmc_startup
                0x8081ddc0      0xad8 drivers/mmc/libmmc.o
 .text.mmc_register
                0x8081e898       0x84 drivers/mmc/libmmc.o
                0x8081e898                mmc_register
 .text.mmc_start_init
                0x8081e91c      0x1d0 drivers/mmc/libmmc.o
                0x8081e91c                mmc_start_init
 .text.mmc_init
                0x8081eaec       0x90 drivers/mmc/libmmc.o
                0x8081eaec                mmc_init
 .text.mmc_get_dev
                0x8081eb7c       0x2c drivers/mmc/libmmc.o
                0x8081eb7c                mmc_get_dev
 .text.__def_mmc_init
                0x8081eba8        0x8 drivers/mmc/libmmc.o
                0x8081eba8                board_mmc_init
 .text.print_mmc_devices
                0x8081ebb0       0x68 drivers/mmc/libmmc.o
                0x8081ebb0                print_mmc_devices
 .text.get_mmc_num
                0x8081ec18       0x10 drivers/mmc/libmmc.o
                0x8081ec18                get_mmc_num
 .text.mmc_initialize
                0x8081ec28       0x78 drivers/mmc/libmmc.o
                0x8081ec28                mmc_initialize
 .text.omap_mmc_getwp
                0x8081eca0        0xc drivers/mmc/libmmc.o
 .text.omap_mmc_getcd
                0x8081ecac        0xc drivers/mmc/libmmc.o
 .text.omap_mmc_setup_gpio_in
                0x8081ecb8       0x4c drivers/mmc/libmmc.o
 .text.mmc_reset_controller_fsm
                0x8081ed04       0x9c drivers/mmc/libmmc.o
 .text.mmc_init_stream
                0x8081eda0       0xa8 drivers/mmc/libmmc.o
                0x8081eda0                mmc_init_stream
 .text.mmc_init_setup
                0x8081ee48      0x150 drivers/mmc/libmmc.o
 .text.omap_mmc_init
                0x8081ef98      0x170 drivers/mmc/libmmc.o
                0x8081ef98                omap_mmc_init
 .text.mmc_berase
                0x8081f108      0x190 drivers/mmc/libmmc.o
                0x8081f108                mmc_berase
 .text.mmc_bwrite
                0x8081f298      0x15c drivers/mmc/libmmc.o
                0x8081f298                mmc_bwrite
 .text.add_mtd_device
                0x8081f3f4       0x88 drivers/mtd/libmtd.o
                0x8081f3f4                add_mtd_device
 .text.get_mtd_device_nm
                0x8081f47c       0x6c drivers/mtd/libmtd.o
                0x8081f47c                get_mtd_device_nm
 .text.mtd_erase
                0x8081f4e8       0x94 drivers/mtd/libmtd.o
                0x8081f4e8                mtd_erase
 .text.mtd_read
                0x8081f57c       0xac drivers/mtd/libmtd.o
                0x8081f57c                mtd_read
 .text.mtd_write
                0x8081f628       0xa0 drivers/mtd/libmtd.o
                0x8081f628                mtd_write
 .text.mtd_read_oob
                0x8081f6c8       0x38 drivers/mtd/libmtd.o
                0x8081f6c8                mtd_read_oob
 .text.mtd_block_isbad
                0x8081f700       0x4c drivers/mtd/libmtd.o
                0x8081f700                mtd_block_isbad
 .text.mtd_block_markbad
                0x8081f74c       0x60 drivers/mtd/libmtd.o
                0x8081f74c                mtd_block_markbad
 .text.nand_register
                0x8081f7ac       0x90 drivers/mtd/nand/libnand.o
                0x8081f7ac                nand_register
 .text.nand_init
                0x8081f83c       0x68 drivers/mtd/nand/libnand.o
                0x8081f83c                nand_init
 .text.verify_bbt_descr
                0x8081f8a4      0x13c drivers/mtd/nand/libnand.o
 .text.scan_read_oob
                0x8081f9e0       0xcc drivers/mtd/nand/libnand.o
 .text.check_pattern
                0x8081faac       0xa8 drivers/mtd/nand/libnand.o
 .text.create_bbt
                0x8081fb54      0x2d8 drivers/mtd/nand/libnand.o
 .text.scan_read
                0x8081fe2c       0x58 drivers/mtd/nand/libnand.o
 .text.read_bbt
                0x8081fe84      0x20c drivers/mtd/nand/libnand.o
 .text.read_abs_bbt
                0x80820090       0xcc drivers/mtd/nand/libnand.o
 .text.write_bbt
                0x8082015c      0x638 drivers/mtd/nand/libnand.o
 .text.search_bbt
                0x80820794      0x18c drivers/mtd/nand/libnand.o
 .text.nand_update_bbt
                0x80820920      0x124 drivers/mtd/nand/libnand.o
                0x80820920                nand_update_bbt
 .text.mark_bbt_region
                0x80820a44      0x184 drivers/mtd/nand/libnand.o
 .text.nand_scan_bbt
                0x80820bc8      0x51c drivers/mtd/nand/libnand.o
                0x80820bc8                nand_scan_bbt
 .text.nand_default_bbt
                0x808210e4      0x100 drivers/mtd/nand/libnand.o
                0x808210e4                nand_default_bbt
 .text.nand_isbad_bbt
                0x808211e4       0x54 drivers/mtd/nand/libnand.o
                0x808211e4                nand_isbad_bbt
 .text.check_skip_len
                0x80821238       0xb0 drivers/mtd/nand/libnand.o
 .text.nand_erase_opts
                0x808212e8      0x3c8 drivers/mtd/nand/libnand.o
                0x808212e8                nand_erase_opts
 .text.nand_write_skip_bad
                0x808216b0      0x258 drivers/mtd/nand/libnand.o
                0x808216b0                nand_write_skip_bad
 .text.nand_read_skip_bad
                0x80821908      0x258 drivers/mtd/nand/libnand.o
                0x80821908                nand_read_skip_bad
 .text.nand_calculate_ecc
                0x80821b60       0xf4 drivers/mtd/nand/libnand.o
                0x80821b60                nand_calculate_ecc
 .text.nand_correct_data
                0x80821c54      0x120 drivers/mtd/nand/libnand.o
                0x80821c54                nand_correct_data
 .text.nand_release_device
                0x80821d74       0x18 drivers/mtd/nand/libnand.o
 .text.nand_read_byte
                0x80821d8c       0x14 drivers/mtd/nand/libnand.o
                0x80821d8c                nand_read_byte
 .text.nand_read_byte16
                0x80821da0       0x18 drivers/mtd/nand/libnand.o
 .text.nand_read_word
                0x80821db8       0x14 drivers/mtd/nand/libnand.o
 .text.nand_write_buf
                0x80821dcc       0x2c drivers/mtd/nand/libnand.o
                0x80821dcc                nand_write_buf
 .text.nand_read_buf
                0x80821df8       0x2c drivers/mtd/nand/libnand.o
                0x80821df8                nand_read_buf
 .text.nand_verify_buf
                0x80821e24       0x44 drivers/mtd/nand/libnand.o
 .text.nand_write_buf16
                0x80821e68       0x34 drivers/mtd/nand/libnand.o
                0x80821e68                nand_write_buf16
 .text.nand_read_buf16
                0x80821e9c       0x38 drivers/mtd/nand/libnand.o
                0x80821e9c                nand_read_buf16
 .text.nand_verify_buf16
                0x80821ed4       0x4c drivers/mtd/nand/libnand.o
 .text.nand_check_wp
                0x80821f20       0x50 drivers/mtd/nand/libnand.o
 .text.nand_read_page_raw_syndrome
                0x80821f70       0xd4 drivers/mtd/nand/libnand.o
 .text.nand_read_page_swecc
                0x80822044      0x128 drivers/mtd/nand/libnand.o
 .text.nand_read_subpage
                0x8082216c      0x268 drivers/mtd/nand/libnand.o
 .text.nand_read_page_hwecc
                0x808223d4      0x144 drivers/mtd/nand/libnand.o
 .text.nand_read_page_hwecc_oob_first
                0x80822518      0x138 drivers/mtd/nand/libnand.o
 .text.nand_read_page_syndrome
                0x80822650      0x124 drivers/mtd/nand/libnand.o
 .text.nand_read_oob_std
                0x80822774       0x3c drivers/mtd/nand/libnand.o
 .text.nand_read_oob_syndrome
                0x808227b0      0x108 drivers/mtd/nand/libnand.o
 .text.nand_write_oob_std
                0x808228b8       0x70 drivers/mtd/nand/libnand.o
 .text.nand_write_oob_syndrome
                0x80822928      0x19c drivers/mtd/nand/libnand.o
 .text.nand_write_page_raw_syndrome
                0x80822ac4       0xd4 drivers/mtd/nand/libnand.o
 .text.nand_write_page_swecc
                0x80822b98       0xb8 drivers/mtd/nand/libnand.o
 .text.nand_write_page_hwecc
                0x80822c50       0xd0 drivers/mtd/nand/libnand.o
 .text.nand_write_page_syndrome
                0x80822d20       0xf4 drivers/mtd/nand/libnand.o
 .text.single_erase_cmd
                0x80822e14       0x3c drivers/mtd/nand/libnand.o
 .text.multi_erase_cmd
                0x80822e50       0x88 drivers/mtd/nand/libnand.o
 .text.nand_sync
                0x80822ed8       0x10 drivers/mtd/nand/libnand.o
 .text.nand_onfi_set_features
                0x80822ee8       0x64 drivers/mtd/nand/libnand.o
 .text.nand_block_checkbad
                0x80822f4c       0x80 drivers/mtd/nand/libnand.o
 .text.nand_block_isbad
                0x80822fcc       0x1c drivers/mtd/nand/libnand.o
 .text.nand_block_markbad
                0x80822fe8       0x40 drivers/mtd/nand/libnand.o
 .text.nand_onfi_get_features
                0x80823028       0x6c drivers/mtd/nand/libnand.o
 .text.nand_block_bad
                0x80823094      0x1a0 drivers/mtd/nand/libnand.o
 .text.nand_wait
                0x80823234       0xd0 drivers/mtd/nand/libnand.o
 .text.nand_fill_oob
                0x80823304      0x120 drivers/mtd/nand/libnand.o
 .text.nand_do_write_oob
                0x80823424      0x198 drivers/mtd/nand/libnand.o
 .text.nand_do_write_ops
                0x808235bc      0x348 drivers/mtd/nand/libnand.o
 .text.nand_write_oob
                0x80823904       0x98 drivers/mtd/nand/libnand.o
 .text.nand_write
                0x8082399c       0x64 drivers/mtd/nand/libnand.o
 .text.unlikely.sanitize_string
                0x80823a00       0x34 drivers/mtd/nand/libnand.o
 .text.generic_ffs
                0x80823a34       0x50 drivers/mtd/nand/libnand.o
 .text.nand_read_page_raw
                0x80823a84       0x44 drivers/mtd/nand/libnand.o
 .text.nand_write_page_raw
                0x80823ac8       0x44 drivers/mtd/nand/libnand.o
 .text.nand_write_page
                0x80823b0c       0xc0 drivers/mtd/nand/libnand.o
 .text.nand_select_chip
                0x80823bcc       0x54 drivers/mtd/nand/libnand.o
 .text.nand_transfer_oob
                0x80823c20      0x108 drivers/mtd/nand/libnand.o
 .text.nand_do_read_ops
                0x80823d28      0x38c drivers/mtd/nand/libnand.o
 .text.nand_read_oob
                0x808240b4      0x278 drivers/mtd/nand/libnand.o
 .text.nand_read
                0x8082432c       0x64 drivers/mtd/nand/libnand.o
 .text.nand_wait_ready
                0x80824390       0x4c drivers/mtd/nand/libnand.o
                0x80824390                nand_wait_ready
 .text.nand_command
                0x808243dc      0x1cc drivers/mtd/nand/libnand.o
 .text.nand_command_lp
                0x808245a8      0x258 drivers/mtd/nand/libnand.o
 .text.nand_erase_nand
                0x80824800      0x35c drivers/mtd/nand/libnand.o
                0x80824800                nand_erase_nand
 .text.nand_default_block_markbad
                0x80824b5c      0x1d4 drivers/mtd/nand/libnand.o
 .text.nand_erase
                0x80824d30        0x8 drivers/mtd/nand/libnand.o
 .text.nand_scan_ident
                0x80824d38      0x9bc drivers/mtd/nand/libnand.o
                0x80824d38                nand_scan_ident
 .text.nand_scan_tail
                0x808256f4      0x5dc drivers/mtd/nand/libnand.o
                0x808256f4                nand_scan_tail
 .text.nand_scan
                0x80825cd0       0x24 drivers/mtd/nand/libnand.o
                0x80825cd0                nand_scan
 .text.omap_nand_hwcontrol
                0x80825cf4       0xa0 drivers/mtd/nand/libnand.o
 .text.omap_enable_hwecc
                0x80825d94       0xe0 drivers/mtd/nand/libnand.o
 .text.omap_calculate_ecc
                0x80825e74      0x1b4 drivers/mtd/nand/libnand.o
 .text.omap_read_page_bch
                0x80826028      0x1bc drivers/mtd/nand/libnand.o
 .text.omap_reverse_list
                0x808261e4       0x34 drivers/mtd/nand/libnand.o
                0x808261e4                omap_reverse_list
 .text.omap_correct_data_bch
                0x80826218      0x1d8 drivers/mtd/nand/libnand.o
 .text.board_nand_init
                0x808263f0      0x1c0 drivers/mtd/nand/libnand.o
                0x808263f0                board_nand_init
 .text.elm_check_error
                0x808265b0      0x2c0 drivers/mtd/nand/libnand.o
                0x808265b0                elm_check_error
 .text.elm_config
                0x80826870       0x44 drivers/mtd/nand/libnand.o
                0x80826870                elm_config
 .text.elm_reset
                0x808268b4       0x30 drivers/mtd/nand/libnand.o
                0x808268b4                elm_reset
 .text.elm_init
                0x808268e4       0x18 drivers/mtd/nand/libnand.o
                0x808268e4                elm_init
 .text.cpsw_halt
                0x808268fc       0x54 drivers/net/libnet.o
 .text.cpsw_update_link
                0x80826950       0xfc drivers/net/libnet.o
 .text.cpsw_check_link
                0x80826a4c       0x34 drivers/net/libnet.o
 .text.cpsw_mdio_read
                0x80826a80       0xc0 drivers/net/libnet.o
 .text.cpsw_mdio_write
                0x80826b40       0xb0 drivers/net/libnet.o
 .text.cpsw_ale_read.isra.1
                0x80826bf0       0x24 drivers/net/libnet.o
 .text.cpsw_ale_match_free
                0x80826c14       0x54 drivers/net/libnet.o
 .text.cpsw_ale_find_ageable
                0x80826c68       0x64 drivers/net/libnet.o
 .text.cpsw_ale_match_addr
                0x80826ccc       0xac drivers/net/libnet.o
 .text.cpsw_ale_write.isra.2
                0x80826d78       0x28 drivers/net/libnet.o
 .text.cpdma_submit
                0x80826da0       0x94 drivers/net/libnet.o
 .text.cpdma_process
                0x80826e34       0x88 drivers/net/libnet.o
 .text.cpsw_recv
                0x80826ebc       0x68 drivers/net/libnet.o
 .text.cpsw_send
                0x80826f24       0x90 drivers/net/libnet.o
 .text.cpsw_ale_add_mcast.constprop.10
                0x80826fb4      0x108 drivers/net/libnet.o
 .text.cpsw_init
                0x808270bc      0x424 drivers/net/libnet.o
 .text.cpsw_register
                0x808274e0      0x244 drivers/net/libnet.o
                0x808274e0                cpsw_register
 .text.genphy_shutdown
                0x80827724        0x8 drivers/net/phy/libphy.o
                0x80827724                genphy_shutdown
 .text.generic_ffs
                0x8082772c       0x50 drivers/net/phy/libphy.o
 .text.phy_device_create
                0x8082777c       0xe4 drivers/net/phy/libphy.o
 .text.get_phy_device_by_mask
                0x80827860      0x144 drivers/net/phy/libphy.o
 .text.genphy_restart_aneg
                0x808279a4       0x5c drivers/net/phy/libphy.o
                0x808279a4                genphy_restart_aneg
 .text.genphy_config_aneg
                0x80827a00      0x1dc drivers/net/phy/libphy.o
                0x80827a00                genphy_config_aneg
 .text.genphy_config
                0x80827bdc       0xb4 drivers/net/phy/libphy.o
                0x80827bdc                genphy_config
 .text.genphy_update_link
                0x80827c90      0x140 drivers/net/phy/libphy.o
                0x80827c90                genphy_update_link
 .text.genphy_parse_link
                0x80827dd0      0x188 drivers/net/phy/libphy.o
                0x80827dd0                genphy_parse_link
 .text.genphy_startup
                0x80827f58       0x1c drivers/net/phy/libphy.o
                0x80827f58                genphy_startup
 .text.phy_init
                0x80827f74       0x10 drivers/net/phy/libphy.o
                0x80827f74                phy_init
 .text.phy_register
                0x80827f84       0x28 drivers/net/phy/libphy.o
                0x80827f84                phy_register
 .text.phy_reset
                0x80827fac       0xac drivers/net/phy/libphy.o
                0x80827fac                phy_reset
 .text.phy_find_by_mask
                0x80828058       0x3c drivers/net/phy/libphy.o
                0x80828058                phy_find_by_mask
 .text.phy_connect_dev
                0x80828094       0x44 drivers/net/phy/libphy.o
                0x80828094                phy_connect_dev
 .text.phy_connect
                0x808280d8       0x50 drivers/net/phy/libphy.o
                0x808280d8                phy_connect
 .text.phy_startup
                0x80828128       0x24 drivers/net/phy/libphy.o
                0x80828128                phy_startup
 .text.phy_config
                0x8082814c       0x10 drivers/net/phy/libphy.o
                0x8082814c                phy_config
 .text.ksz90xx_startup
                0x8082815c       0x60 drivers/net/phy/libphy.o
 .text.phy_micrel_init
                0x808281bc       0x30 drivers/net/phy/libphy.o
                0x808281bc                phy_micrel_init
 .text.NS16550_init
                0x808281ec       0x64 drivers/serial/libserial.o
                0x808281ec                NS16550_init
 .text.NS16550_reinit
                0x80828250       0x4c drivers/serial/libserial.o
                0x80828250                NS16550_reinit
 .text.NS16550_putc
                0x8082829c       0x18 drivers/serial/libserial.o
                0x8082829c                NS16550_putc
 .text.NS16550_getc
                0x808282b4       0x1c drivers/serial/libserial.o
                0x808282b4                NS16550_getc
 .text.NS16550_tstc
                0x808282d0       0x10 drivers/serial/libserial.o
                0x808282d0                NS16550_tstc
 .text.get_current
                0x808282e0       0x40 drivers/serial/libserial.o
 .text.serial_null
                0x80828320        0x4 drivers/serial/libserial.o
                0x80828320                jz_serial_initialize
                0x80828320                bfin_serial_initialize
                0x80828320                p3mx_serial_initialize
                0x80828320                leon2_serial_initialize
                0x80828320                leon3_serial_initialize
                0x80828320                amirix_serial_initialize
                0x80828320                marvell_serial_initialize
                0x80828320                cpci750_serial_initialize
                0x80828320                asc_serial_initialize
                0x80828320                altera_serial_initialize
                0x80828320                oc_serial_initialize
                0x80828320                sh_serial_initialize
                0x80828320                mxs_auart_initialize
                0x80828320                arm_dcc_initialize
                0x80828320                bmw_serial_initialize
                0x80828320                mcf_serial_initialize
                0x80828320                lh7a40x_serial_initialize
                0x80828320                evb64260_serial_initialize
                0x80828320                lpc32xx_serial_initialize
                0x80828320                max3100_serial_initialize
                0x80828320                mpc85xx_serial_initialize
                0x80828320                imx_serial_initialize
                0x80828320                ixp_serial_initialize
                0x80828320                bfin_jtag_initialize
                0x80828320                cogent_serial_initialize
                0x80828320                clps7111_serial_initialize
                0x80828320                ml2_serial_initialize
                0x80828320                sandbox_serial_initialize
                0x80828320                s3c24xx_serial_initialize
                0x80828320                sconsole_serial_initialize
                0x80828320                uartlite_serial_initialize
                0x80828320                au1x00_serial_initialize
                0x80828320                pxa_serial_initialize
                0x80828320                atmel_serial_initialize
                0x80828320                pl01x_serial_initialize
                0x80828320                altera_jtag_serial_initialize
                0x80828320                zynq_serial_initalize
                0x80828320                mpc512x_serial_initialize
                0x80828320                s5p_serial_initialize
                0x80828320                ks8695_serial_initialize
                0x80828320                sa1100_serial_initialize
                0x80828320                mpc8260_scc_serial_initialize
                0x80828320                mxc_serial_initialize
                0x80828320                iop480_serial_initialize
                0x80828320                mpc8xx_serial_initialize
                0x80828320                mpc8260_smc_serial_initialize
                0x80828320                mpc5xx_serial_initialize
 .text.serial_register
                0x80828324       0x18 drivers/serial/libserial.o
                0x80828324                serial_register
 .text.serial_stdio_init
                0x8082833c       0x8c drivers/serial/libserial.o
                0x8082833c                serial_stdio_init
 .text.serial_assign
                0x808283c8       0x4c drivers/serial/libserial.o
                0x808283c8                serial_assign
 .text.serial_initialize
                0x80828414       0xd0 drivers/serial/libserial.o
                0x80828414                serial_initialize
 .text.serial_init
                0x808284e4       0x14 drivers/serial/libserial.o
                0x808284e4                serial_init
 .text.serial_setbrg
                0x808284f8       0x14 drivers/serial/libserial.o
                0x808284f8                serial_setbrg
 .text.on_baudrate
                0x8082850c       0xec drivers/serial/libserial.o
 .text.serial_getc
                0x808285f8       0x14 drivers/serial/libserial.o
                0x808285f8                serial_getc
 .text.serial_tstc
                0x8082860c       0x14 drivers/serial/libserial.o
                0x8082860c                serial_tstc
 .text.serial_putc
                0x80828620       0x1c drivers/serial/libserial.o
                0x80828620                serial_putc
 .text.serial_puts
                0x8082863c       0x1c drivers/serial/libserial.o
                0x8082863c                serial_puts
 .text.calc_divisor.isra.0
                0x80828658       0x28 drivers/serial/libserial.o
 .text.eserial1_init
                0x80828680       0x20 drivers/serial/libserial.o
 .text.eserial2_init
                0x808286a0       0x20 drivers/serial/libserial.o
 .text.eserial3_init
                0x808286c0       0x20 drivers/serial/libserial.o
 .text.eserial4_init
                0x808286e0       0x20 drivers/serial/libserial.o
 .text.eserial5_init
                0x80828700       0x20 drivers/serial/libserial.o
 .text.eserial6_init
                0x80828720       0x20 drivers/serial/libserial.o
 .text._serial_putc
                0x80828740       0x38 drivers/serial/libserial.o
                0x80828740                _serial_putc
 .text.eserial1_putc
                0x80828778        0x8 drivers/serial/libserial.o
 .text.eserial2_putc
                0x80828780        0x8 drivers/serial/libserial.o
 .text.eserial3_putc
                0x80828788        0x8 drivers/serial/libserial.o
 .text.eserial4_putc
                0x80828790        0x8 drivers/serial/libserial.o
 .text.eserial5_putc
                0x80828798        0x8 drivers/serial/libserial.o
 .text.eserial6_putc
                0x808287a0        0x8 drivers/serial/libserial.o
 .text._serial_puts
                0x808287a8       0x28 drivers/serial/libserial.o
                0x808287a8                _serial_puts
 .text.eserial1_puts
                0x808287d0        0x8 drivers/serial/libserial.o
 .text.eserial2_puts
                0x808287d8        0x8 drivers/serial/libserial.o
 .text.eserial3_puts
                0x808287e0        0x8 drivers/serial/libserial.o
 .text.eserial4_puts
                0x808287e8        0x8 drivers/serial/libserial.o
 .text.eserial5_puts
                0x808287f0        0x8 drivers/serial/libserial.o
 .text.eserial6_puts
                0x808287f8        0x8 drivers/serial/libserial.o
 .text._serial_getc
                0x80828800       0x1c drivers/serial/libserial.o
                0x80828800                _serial_getc
 .text.eserial1_getc
                0x8082881c        0x8 drivers/serial/libserial.o
 .text.eserial2_getc
                0x80828824        0x8 drivers/serial/libserial.o
 .text.eserial3_getc
                0x8082882c        0x8 drivers/serial/libserial.o
 .text.eserial4_getc
                0x80828834        0x8 drivers/serial/libserial.o
 .text.eserial5_getc
                0x8082883c        0x8 drivers/serial/libserial.o
 .text.eserial6_getc
                0x80828844        0x8 drivers/serial/libserial.o
 .text._serial_tstc
                0x8082884c       0x14 drivers/serial/libserial.o
                0x8082884c                _serial_tstc
 .text.eserial1_tstc
                0x80828860        0x8 drivers/serial/libserial.o
 .text.eserial2_tstc
                0x80828868        0x8 drivers/serial/libserial.o
 .text.eserial3_tstc
                0x80828870        0x8 drivers/serial/libserial.o
 .text.eserial4_tstc
                0x80828878        0x8 drivers/serial/libserial.o
 .text.eserial5_tstc
                0x80828880        0x8 drivers/serial/libserial.o
 .text.eserial6_tstc
                0x80828888        0x8 drivers/serial/libserial.o
 .text._serial_setbrg
                0x80828890       0x28 drivers/serial/libserial.o
                0x80828890                _serial_setbrg
 .text.eserial1_setbrg
                0x808288b8        0x8 drivers/serial/libserial.o
 .text.eserial2_setbrg
                0x808288c0        0x8 drivers/serial/libserial.o
 .text.eserial3_setbrg
                0x808288c8        0x8 drivers/serial/libserial.o
 .text.eserial4_setbrg
                0x808288d0        0x8 drivers/serial/libserial.o
 .text.eserial5_setbrg
                0x808288d8        0x8 drivers/serial/libserial.o
 .text.eserial6_setbrg
                0x808288e0        0x8 drivers/serial/libserial.o
 .text.default_serial_console
                0x808288e8        0xc drivers/serial/libserial.o
                0x808288e8                default_serial_console
 .text.ns16550_serial_initialize
                0x808288f4       0x50 drivers/serial/libserial.o
                0x808288f4                ns16550_serial_initialize
 .text.spi_do_alloc_slave
                0x80828944       0x44 drivers/spi/libspi.o
                0x80828944                spi_do_alloc_slave
 .text.omap3_spi_write_chconf
                0x80828988       0x28 drivers/spi/libspi.o
 .text.spi_init
                0x808289b0        0x4 drivers/spi/libspi.o
                0x808289b0                spi_init
 .text.spi_setup_slave
                0x808289b4      0x124 drivers/spi/libspi.o
                0x808289b4                spi_setup_slave
 .text.spi_free_slave
                0x80828ad8        0x4 drivers/spi/libspi.o
                0x80828ad8                spi_free_slave
 .text.spi_claim_bus
                0x80828adc       0xe0 drivers/spi/libspi.o
                0x80828adc                spi_claim_bus
 .text.spi_release_bus
                0x80828bbc       0x38 drivers/spi/libspi.o
                0x80828bbc                spi_release_bus
 .text.omap3_spi_write
                0x80828bf4      0x14c drivers/spi/libspi.o
                0x80828bf4                omap3_spi_write
 .text.omap3_spi_read
                0x80828d40      0x154 drivers/spi/libspi.o
                0x80828d40                omap3_spi_read
 .text.omap3_spi_txrx
                0x80828e94      0x188 drivers/spi/libspi.o
                0x80828e94                omap3_spi_txrx
 .text.spi_xfer
                0x8082901c      0x108 drivers/spi/libspi.o
                0x8082901c                spi_xfer
 .text.usb_ep_autoconfig_reset
                0x80829124       0x38 drivers/usb/gadget/libusb_gadget.o
                0x80829124                usb_ep_autoconfig_reset
 .text.usb_descriptor_fillbuf
                0x8082915c       0x58 drivers/usb/gadget/libusb_gadget.o
                0x8082915c                usb_descriptor_fillbuf
 .text.usb_gadget_get_string
                0x808291b4      0x18c drivers/usb/gadget/libusb_gadget.o
                0x808291b4                usb_gadget_get_string
 .text.count_configs
                0x80829340       0x68 drivers/usb/gadget/libusb_gadget.o
 .text.collect_langs
                0x808293a8       0x50 drivers/usb/gadget/libusb_gadget.o
 .text.composite_setup_complete
                0x808293f8        0x4 drivers/usb/gadget/libusb_gadget.o
 .text.composite_suspend
                0x808293fc       0x80 drivers/usb/gadget/libusb_gadget.o
 .text.composite_resume
                0x8082947c       0x7c drivers/usb/gadget/libusb_gadget.o
 .text.lookup_string
                0x808294f8       0x4c drivers/usb/gadget/libusb_gadget.o
 .text.composite_unbind
                0x80829544      0x120 drivers/usb/gadget/libusb_gadget.o
 .text.g_dnl_unbind
                0x80829664       0x3c drivers/usb/gadget/libusb_gadget.o
 .text.composite_bind
                0x808296a0      0x128 drivers/usb/gadget/libusb_gadget.o
 .text.g_dnl_do_config
                0x808297c8       0x7c drivers/usb/gadget/libusb_gadget.o
 .text.reset_config.isra.6
                0x80829844       0x5c drivers/usb/gadget/libusb_gadget.o
 .text.composite_disconnect
                0x808298a0       0x40 drivers/usb/gadget/libusb_gadget.o
 .text.composite_setup
                0x808298e0      0x7e4 drivers/usb/gadget/libusb_gadget.o
 .text.usb_add_function
                0x8082a0c4       0xc4 drivers/usb/gadget/libusb_gadget.o